Command line invocation:
    /Applications/Xcode.app/Contents/Developer/usr/bin/xcodebuild -workspace Sidey.xcworkspace -scheme Sidey -configuration Release -derivedDataPath .build CODE_SIGNING_ALLOWED=NO CODE_SIGNING_REQUIRED=NO CODE_SIGN_IDENTITY= build

Build settings from command line:
    CODE_SIGN_IDENTITY = 
    CODE_SIGNING_ALLOWED = NO
    CODE_SIGNING_REQUIRED = NO

Resolve Package Graph


Resolved source packages:
  NetworkImage: https://github.com/gonzalezreal/NetworkImage @ 6.0.1
  swift-markdown-ui: https://github.com/gonzalezreal/MarkdownUI @ 2.4.1
  Sparkle: https://github.com/sparkle-project/Sparkle @ 2.9.0
  cmark-gfm: https://github.com/swiftlang/swift-cmark @ 0.7.1

--- xcodebuild: WARNING: Using the first of multiple matching destinations:
{ platform:macOS, arch:arm64, id:00008103-0009496236C3001E, name:My Mac }
{ platform:macOS, arch:x86_64, id:00008103-0009496236C3001E, name:My Mac }
{ platform:macOS, name:Any Mac }
note: Using codesigning identity override: 
ComputePackagePrebuildTargetDependencyGraph

Prepare packages

CreateBuildRequest

SendProjectDescription

CreateBuildOperation

ComputeTargetDependencyGraph
note: Building targets in dependency order
note: Target dependency graph (10 targets)
    Target 'Sidey' in project 'Sidey'
        ➜ Explicit dependency on target 'Sparkle' in project 'Sparkle'
        ➜ Explicit dependency on target 'MarkdownUI' in project 'swift-markdown-ui'
    Target 'MarkdownUI' in project 'swift-markdown-ui'
        ➜ Explicit dependency on target 'MarkdownUI' in project 'swift-markdown-ui'
        ➜ Explicit dependency on target 'cmark-gfm' in project 'cmark-gfm'
        ➜ Explicit dependency on target 'cmark-gfm-extensions' in project 'cmark-gfm'
        ➜ Explicit dependency on target 'NetworkImage' in project 'NetworkImage'
    Target 'MarkdownUI' in project 'swift-markdown-ui'
        ➜ Explicit dependency on target 'cmark-gfm' in project 'cmark-gfm'
        ➜ Explicit dependency on target 'cmark-gfm-extensions' in project 'cmark-gfm'
        ➜ Explicit dependency on target 'NetworkImage' in project 'NetworkImage'
    Target 'NetworkImage' in project 'NetworkImage'
        ➜ Explicit dependency on target 'NetworkImage' in project 'NetworkImage'
    Target 'NetworkImage' in project 'NetworkImage' (no dependencies)
    Target 'cmark-gfm-extensions' in project 'cmark-gfm'
        ➜ Explicit dependency on target 'cmark-gfm-extensions' in project 'cmark-gfm'
        ➜ Explicit dependency on target 'cmark-gfm' in project 'cmark-gfm'
    Target 'cmark-gfm-extensions' in project 'cmark-gfm'
        ➜ Explicit dependency on target 'cmark-gfm' in project 'cmark-gfm'
    Target 'cmark-gfm' in project 'cmark-gfm'
        ➜ Explicit dependency on target 'cmark-gfm' in project 'cmark-gfm'
    Target 'cmark-gfm' in project 'cmark-gfm' (no dependencies)
    Target 'Sparkle' in project 'Sparkle' (no dependencies)

GatherProvisioningInputs

CreateBuildDescription

ClangStatCache /Applications/Xcode.app/Contents/Developer/Toolchains/XcodeDefault.xctoolchain/usr/bin/clang-stat-cache /Applications/Xcode.app/Contents/Developer/Platforms/MacOSX.platform/Developer/SDKs/MacOSX26.4.sdk /Users/chentao/Projects/chentao1006/sidey/.build/SDKStatCaches.noindex/macosx26.4-25E236-30f9ca8789b706f8bd3fc906a70d770f.sdkstatcache
    cd /Users/chentao/Projects/chentao1006/sidey
    /Applications/Xcode.app/Contents/Developer/Toolchains/XcodeDefault.xctoolchain/usr/bin/clang-stat-cache /Applications/Xcode.app/Contents/Developer/Platforms/MacOSX.platform/Developer/SDKs/MacOSX26.4.sdk -o /Users/chentao/Projects/chentao1006/sidey/.build/SDKStatCaches.noindex/macosx26.4-25E236-30f9ca8789b706f8bd3fc906a70d770f.sdkstatcache

SwiftDriver Sidey normal arm64 com.apple.xcode.tools.swift.compiler (in target 'Sidey' from project 'Sidey')
    cd /Users/chentao/Projects/chentao1006/sidey
    builtin-SwiftDriver -- /Applications/Xcode.app/Contents/Developer/Toolchains/XcodeDefault.xctoolchain/usr/bin/swiftc -module-name Sidey -O -whole-module-optimization @/Users/chentao/Projects/chentao1006/sidey/.build/Build/Intermediates.noindex/Sidey.build/Release/Sidey.build/Objects-normal/arm64/Sidey.SwiftFileList -enable-bare-slash-regex -enable-experimental-feature DebugDescriptionMacro -sdk /Applications/Xcode.app/Contents/Developer/Platforms/MacOSX.platform/Developer/SDKs/MacOSX26.4.sdk -target arm64-apple-macos13.0 -g -module-cache-path /Users/chentao/Projects/chentao1006/sidey/.build/ModuleCache.noindex -Xfrontend -serialize-debugging-options -swift-version 5 -I /Users/chentao/Projects/chentao1006/sidey/.build/Build/Products/Release -F /Users/chentao/Projects/chentao1006/sidey/.build/Build/Products/Release/PackageFrameworks -F /Users/chentao/Projects/chentao1006/sidey/.build/Build/Products/Release/PackageFrameworks -F /Users/chentao/Projects/chentao1006/sidey/.build/Build/Products/Release/PackageFrameworks -F /Users/chentao/Projects/chentao1006/sidey/.build/Build/Products/Release/PackageFrameworks -F /Users/chentao/Projects/chentao1006/sidey/.build/Build/Products/Release -c -num-threads 8 -Xcc -ivfsstatcache -Xcc /Users/chentao/Projects/chentao1006/sidey/.build/SDKStatCaches.noindex/macosx26.4-25E236-30f9ca8789b706f8bd3fc906a70d770f.sdkstatcache -output-file-map /Users/chentao/Projects/chentao1006/sidey/.build/Build/Intermediates.noindex/Sidey.build/Release/Sidey.build/Objects-normal/arm64/Sidey-OutputFileMap.json -use-frontend-parseable-output -save-temps -no-color-diagnostics -explicit-module-build -module-cache-path /Users/chentao/Projects/chentao1006/sidey/.build/Build/Intermediates.noindex/SwiftExplicitPrecompiledModules -clang-scanner-module-cache-path /Users/chentao/Projects/chentao1006/sidey/.build/ModuleCache.noindex -sdk-module-cache-path /Users/chentao/Projects/chentao1006/sidey/.build/ModuleCache.noindex -serialize-diagnostics -emit-dependencies -emit-module -emit-module-path /Users/chentao/Projects/chentao1006/sidey/.build/Build/Intermediates.noindex/Sidey.build/Release/Sidey.build/Objects-normal/arm64/Sidey.swiftmodule -validate-clang-modules-once -clang-build-session-file /Users/chentao/Projects/chentao1006/sidey/.build/ModuleCache.noindex/Session.modulevalidation -Xcc -I/Users/chentao/Projects/chentao1006/sidey/.build/Build/Intermediates.noindex/Sidey.build/Release/Sidey.build/swift-overrides.hmap -emit-const-values -Xfrontend -const-gather-protocols-file -Xfrontend /Users/chentao/Projects/chentao1006/sidey/.build/Build/Intermediates.noindex/Sidey.build/Release/Sidey.build/Objects-normal/arm64/Sidey_const_extract_protocols.json -Xcc -iquote -Xcc /Users/chentao/Projects/chentao1006/sidey/.build/Build/Intermediates.noindex/Sidey.build/Release/Sidey.build/Sidey-generated-files.hmap -Xcc -I/Users/chentao/Projects/chentao1006/sidey/.build/Build/Intermediates.noindex/Sidey.build/Release/Sidey.build/Sidey-own-target-headers.hmap -Xcc -I/Users/chentao/Projects/chentao1006/sidey/.build/Build/Intermediates.noindex/Sidey.build/Release/Sidey.build/Sidey-all-non-framework-target-headers.hmap -Xcc -ivfsoverlay -Xcc /Users/chentao/Projects/chentao1006/sidey/.build/Build/Intermediates.noindex/Sidey.build/Release/Sidey-2f3c63dddc01e16841727534e4772341-VFS/all-product-headers.yaml -Xcc -iquote -Xcc /Users/chentao/Projects/chentao1006/sidey/.build/Build/Intermediates.noindex/Sidey.build/Release/Sidey.build/Sidey-project-headers.hmap -Xcc -I/Users/chentao/Projects/chentao1006/sidey/.build/SourcePackages/checkouts/swift-cmark/src/include -Xcc -I/Users/chentao/Projects/chentao1006/sidey/.build/SourcePackages/checkouts/swift-cmark/extensions/include -Xcc -I/Users/chentao/Projects/chentao1006/sidey/.build/Build/Products/Release/include -Xcc -I/Users/chentao/Projects/chentao1006/sidey/.build/Build/Intermediates.noindex/Sidey.build/Release/Sidey.build/DerivedSources-normal/arm64 -Xcc -I/Users/chentao/Projects/chentao1006/sidey/.build/Build/Intermediates.noindex/Sidey.build/Release/Sidey.build/DerivedSources/arm64 -Xcc -I/Users/chentao/Projects/chentao1006/sidey/.build/Build/Intermediates.noindex/Sidey.build/Release/Sidey.build/DerivedSources -emit-objc-header -emit-objc-header-path /Users/chentao/Projects/chentao1006/sidey/.build/Build/Intermediates.noindex/Sidey.build/Release/Sidey.build/Objects-normal/arm64/Sidey-Swift.h -working-directory /Users/chentao/Projects/chentao1006/sidey -no-emit-module-separately-wmo

SwiftCompile normal arm64 Compiling\ DockingManager.swift,\ AdsorptionIconView.swift,\ DockingState.swift,\ AssistantWindow.swift,\ NotificationManager.swift,\ ContextAIApp.swift,\ PromptStore.swift,\ Localization.swift,\ HotKeyManager.swift,\ SyncManager.swift,\ HistoryStore.swift,\ LLMClient.swift,\ DebugLogger.swift,\ SettingsView.swift,\ ContextDetector.swift,\ Updater.swift,\ SelectionManager.swift,\ OCRManager.swift,\ GeneratedAssetSymbols.swift /Users/chentao/Projects/chentao1006/sidey/Sidey/Core/DockingManager.swift /Users/chentao/Projects/chentao1006/sidey/Sidey/UI/AdsorptionIconView.swift /Users/chentao/Projects/chentao1006/sidey/Sidey/Core/DockingState.swift /Users/chentao/Projects/chentao1006/sidey/Sidey/UI/AssistantWindow.swift /Users/chentao/Projects/chentao1006/sidey/Sidey/Core/NotificationManager.swift /Users/chentao/Projects/chentao1006/sidey/Sidey/ContextAIApp.swift /Users/chentao/Projects/chentao1006/sidey/Sidey/Core/PromptStore.swift /Users/chentao/Projects/chentao1006/sidey/Sidey/Core/Localization.swift /Users/chentao/Projects/chentao1006/sidey/Sidey/Core/HotKeyManager.swift /Users/chentao/Projects/chentao1006/sidey/Sidey/Core/SyncManager.swift /Users/chentao/Projects/chentao1006/sidey/Sidey/Core/HistoryStore.swift /Users/chentao/Projects/chentao1006/sidey/Sidey/Core/LLMClient.swift /Users/chentao/Projects/chentao1006/sidey/Sidey/Core/DebugLogger.swift /Users/chentao/Projects/chentao1006/sidey/Sidey/UI/SettingsView.swift /Users/chentao/Projects/chentao1006/sidey/Sidey/Core/ContextDetector.swift /Users/chentao/Projects/chentao1006/sidey/Sidey/Updater.swift /Users/chentao/Projects/chentao1006/sidey/Sidey/Core/SelectionManager.swift /Users/chentao/Projects/chentao1006/sidey/Sidey/Core/OCRManager.swift /Users/chentao/Projects/chentao1006/sidey/.build/Build/Intermediates.noindex/Sidey.build/Release/Sidey.build/DerivedSources/GeneratedAssetSymbols.swift /Applications/Xcode.app/Contents/Developer/Toolchains/XcodeDefault.xctoolchain/usr/lib/swift/macosx/prebuilt-modules/26.4/_DarwinFoundation1.swiftmodule/arm64e-apple-macos.swiftmodule /Users/chentao/Projects/chentao1006/sidey/.build/Build/Products/Release/NetworkImage.swiftmodule/arm64-apple-macos.swiftmodule /Applications/Xcode.app/Contents/Developer/Toolchains/XcodeDefault.xctoolchain/usr/lib/swift/macosx/prebuilt-modules/26.4/OSLog.swiftmodule/arm64e-apple-macos.swiftmodule /Applications/Xcode.app/Contents/Developer/Toolchains/XcodeDefault.xctoolchain/usr/lib/swift/macosx/prebuilt-modules/26.4/CryptoKit.swiftmodule/arm64e-apple-macos.swiftmodule /Applications/Xcode.app/Contents/Developer/Toolchains/XcodeDefault.xctoolchain/usr/lib/swift/macosx/prebuilt-modules/26.4/_Concurrency.swiftmodule/arm64e-apple-macos.swiftmodule /Applications/Xcode.app/Contents/Developer/Toolchains/XcodeDefault.xctoolchain/usr/lib/swift/macosx/prebuilt-modules/26.4/CoreVideo.swiftmodule/arm64e-apple-macos.swiftmodule /Applications/Xcode.app/Contents/Developer/Toolchains/XcodeDefault.xctoolchain/usr/lib/swift/macosx/prebuilt-modules/26.4/SwiftUI.swiftmodule/arm64e-apple-macos.swiftmodule /Applications/Xcode.app/Contents/Developer/Toolchains/XcodeDefault.xctoolchain/usr/lib/swift/macosx/prebuilt-modules/26.4/UniformTypeIdentifiers.swiftmodule/arm64e-apple-macos.swiftmodule /Applications/Xcode.app/Contents/Developer/Toolchains/XcodeDefault.xctoolchain/usr/lib/swift/macosx/prebuilt-modules/26.4/os.swiftmodule/arm64e-apple-macos.swiftmodule /Applications/Xcode.app/Contents/Developer/Toolchains/XcodeDefault.xctoolchain/usr/lib/swift/macosx/prebuilt-modules/26.4/Combine.swiftmodule/arm64e-apple-macos.swiftmodule /Applications/Xcode.app/Contents/Developer/Toolchains/XcodeDefault.xctoolchain/usr/lib/swift/macosx/prebuilt-modules/26.4/ScreenCaptureKit.swiftmodule/arm64e-apple-macos.swiftmodule /Applications/Xcode.app/Contents/Developer/Toolchains/XcodeDefault.xctoolchain/usr/lib/swift/macosx/prebuilt-modules/26.4/CoreMIDI.swiftmodule/arm64e-apple-macos.swiftmodule /Applications/Xcode.app/Contents/Developer/Toolchains/XcodeDefault.xctoolchain/usr/lib/swift/macosx/prebuilt-modules/26.4/_StringProcessing.swiftmodule/arm64e-apple-macos.swiftmodule /Applications/Xcode.app/Contents/Developer/Toolchains/XcodeDefault.xctoolchain/usr/lib/swift/macosx/prebuilt-modules/26.4/CoreImage.swiftmodule/arm64e-apple-macos.swiftmodule /Users/chentao/Projects/chentao1006/sidey/.build/Build/Products/Release/MarkdownUI.swiftmodule/arm64-apple-macos.swiftmodule /Applications/Xcode.app/Contents/Developer/Toolchains/XcodeDefault.xctoolchain/usr/lib/swift/macosx/prebuilt-modules/26.4/Symbols.swiftmodule/arm64e-apple-macos.swiftmodule /Applications/Xcode.app/Contents/Developer/Toolchains/XcodeDefault.xctoolchain/usr/lib/swift/macosx/prebuilt-modules/26.4/CoreTransferable.swiftmodule/arm64e-apple-macos.swiftmodule /Applications/Xcode.app/Contents/Developer/Toolchains/XcodeDefault.xctoolchain/usr/lib/swift/macosx/prebuilt-modules/26.4/CoreFoundation.swiftmodule/arm64e-apple-macos.swiftmodule /Applications/Xcode.app/Contents/Developer/Toolchains/XcodeDefault.xctoolchain/usr/lib/swift/macosx/prebuilt-modules/26.4/Accelerate.swiftmodule/arm64e-apple-macos.swiftmodule /Applications/Xcode.app/Contents/Developer/Toolchains/XcodeDefault.xctoolchain/usr/lib/swift/macosx/prebuilt-modules/26.4/CoreMedia.swiftmodule/arm64e-apple-macos.swiftmodule /Applications/Xcode.app/Contents/Developer/Toolchains/XcodeDefault.xctoolchain/usr/lib/swift/macosx/prebuilt-modules/26.4/IOKit.swiftmodule/arm64e-apple-macos.swiftmodule /Applications/Xcode.app/Contents/Developer/Toolchains/XcodeDefault.xctoolchain/usr/lib/swift/macosx/prebuilt-modules/26.4/AppKit.swiftmodule/arm64e-apple-macos.swiftmodule /Applications/Xcode.app/Contents/Developer/Toolchains/XcodeDefault.xctoolchain/usr/lib/swift/macosx/prebuilt-modules/26.4/Vision.swiftmodule/arm64e-apple-macos.swiftmodule /Applications/Xcode.app/Contents/Developer/Toolchains/XcodeDefault.xctoolchain/usr/lib/swift/macosx/prebuilt-modules/26.4/ObjectiveC.swiftmodule/arm64e-apple-macos.swiftmodule /Applications/Xcode.app/Contents/Developer/Toolchains/XcodeDefault.xctoolchain/usr/lib/swift/macosx/prebuilt-modules/26.4/AVFAudio.swiftmodule/arm64e-apple-macos.swiftmodule /Applications/Xcode.app/Contents/Developer/Toolchains/XcodeDefault.xctoolchain/usr/lib/swift/macosx/prebuilt-modules/26.4/CoreText.swiftmodule/arm64e-apple-macos.swiftmodule /Applications/Xcode.app/Contents/Developer/Toolchains/XcodeDefault.xctoolchain/usr/lib/swift/macosx/prebuilt-modules/26.4/Foundation.swiftmodule/arm64e-apple-macos.swiftmodule /Applications/Xcode.app/Contents/Developer/Toolchains/XcodeDefault.xctoolchain/usr/lib/swift/macosx/prebuilt-modules/26.4/_DarwinFoundation3.swiftmodule/arm64e-apple-macos.swiftmodule /Applications/Xcode.app/Contents/Developer/Toolchains/XcodeDefault.xctoolchain/usr/lib/swift/macosx/prebuilt-modules/26.4/simd.swiftmodule/arm64e-apple-macos.swiftmodule /Applications/Xcode.app/Contents/Developer/Toolchains/XcodeDefault.xctoolchain/usr/lib/swift/macosx/prebuilt-modules/26.4/AudioToolbox.swiftmodule/arm64e-apple-macos.swiftmodule /Applications/Xcode.app/Contents/Developer/Toolchains/XcodeDefault.xctoolchain/usr/lib/swift/macosx/prebuilt-modules/26.4/CoreAudio.swiftmodule/arm64e-apple-macos.swiftmodule /Applications/Xcode.app/Contents/Developer/Toolchains/XcodeDefault.xctoolchain/usr/lib/swift/macosx/prebuilt-modules/26.4/Observation.swiftmodule/arm64e-apple-macos.swiftmodule /Applications/Xcode.app/Contents/Developer/Toolchains/XcodeDefault.xctoolchain/usr/lib/swift/macosx/prebuilt-modules/26.4/Dispatch.swiftmodule/arm64e-apple-macos.swiftmodule /Applications/Xcode.app/Contents/Developer/Toolchains/XcodeDefault.xctoolchain/usr/lib/swift/macosx/prebuilt-modules/26.4/DeveloperToolsSupport.swiftmodule/arm64e-apple-macos.swiftmodule /Applications/Xcode.app/Contents/Developer/Toolchains/XcodeDefault.xctoolchain/usr/lib/swift/macosx/prebuilt-modules/26.4/Accessibility.swiftmodule/arm64e-apple-macos.swiftmodule /Applications/Xcode.app/Contents/Developer/Toolchains/XcodeDefault.xctoolchain/usr/lib/swift/macosx/prebuilt-modules/26.4/CoreGraphics.swiftmodule/arm64e-apple-macos.swiftmodule /Applications/Xcode.app/Contents/Developer/Toolchains/XcodeDefault.xctoolchain/usr/lib/swift/macosx/prebuilt-modules/26.4/CoreData.swiftmodule/arm64e-apple-macos.swiftmodule /Applications/Xcode.app/Contents/Developer/Toolchains/XcodeDefault.xctoolchain/usr/lib/swift/macosx/prebuilt-modules/26.4/Darwin.swiftmodule/arm64e-apple-macos.swiftmodule /Applications/Xcode.app/Contents/Developer/Toolchains/XcodeDefault.xctoolchain/usr/lib/swift/macosx/prebuilt-modules/26.4/_Builtin_float.swiftmodule/arm64e-apple-macos.swiftmodule /Applications/Xcode.app/Contents/Developer/Toolchains/XcodeDefault.xctoolchain/usr/lib/swift/macosx/prebuilt-modules/26.4/CoreML.swiftmodule/arm64e-apple-macos.swiftmodule /Applications/Xcode.app/Contents/Developer/Toolchains/XcodeDefault.xctoolchain/usr/lib/swift/macosx/prebuilt-modules/26.4/AVFoundation.swiftmodule/arm64e-apple-macos.swiftmodule /Applications/Xcode.app/Contents/Developer/Toolchains/XcodeDefault.xctoolchain/usr/lib/swift/macosx/prebuilt-modules/26.4/XPC.swiftmodule/arm64e-apple-macos.swiftmodule /Applications/Xcode.app/Contents/Developer/Toolchains/XcodeDefault.xctoolchain/usr/lib/swift/macosx/prebuilt-modules/26.4/Synchronization.swiftmodule/arm64e-apple-macos.swiftmodule /Applications/Xcode.app/Contents/Developer/Toolchains/XcodeDefault.xctoolchain/usr/lib/swift/macosx/prebuilt-modules/26.4/Metal.swiftmodule/arm64e-apple-macos.swiftmodule /Applications/Xcode.app/Contents/Developer/Toolchains/XcodeDefault.xctoolchain/usr/lib/swift/macosx/prebuilt-modules/26.4/System.swiftmodule/arm64e-apple-macos.swiftmodule /Applications/Xcode.app/Contents/Developer/Toolchains/XcodeDefault.xctoolchain/usr/lib/swift/macosx/prebuilt-modules/26.4/DataDetection.swiftmodule/arm64e-apple-macos.swiftmodule /Applications/Xcode.app/Contents/Developer/Toolchains/XcodeDefault.xctoolchain/usr/lib/swift/macosx/prebuilt-modules/26.4/_DarwinFoundation2.swiftmodule/arm64e-apple-macos.swiftmodule /Applications/Xcode.app/Contents/Developer/Toolchains/XcodeDefault.xctoolchain/usr/lib/swift/macosx/prebuilt-modules/26.4/QuartzCore.swiftmodule/arm64e-apple-macos.swiftmodule /Applications/Xcode.app/Contents/Developer/Toolchains/XcodeDefault.xctoolchain/usr/lib/swift/macosx/prebuilt-modules/26.4/Spatial.swiftmodule/arm64e-apple-macos.swiftmodule /Applications/Xcode.app/Contents/Developer/Toolchains/XcodeDefault.xctoolchain/usr/lib/swift/macosx/prebuilt-modules/26.4/Swift.swiftmodule/arm64e-apple-macos.swiftmodule /Applications/Xcode.app/Contents/Developer/Toolchains/XcodeDefault.xctoolchain/usr/lib/swift/macosx/prebuilt-modules/26.4/LocalAuthentication.swiftmodule/arm64e-apple-macos.swiftmodule /Applications/Xcode.app/Contents/Developer/Toolchains/XcodeDefault.xctoolchain/usr/lib/swift/macosx/prebuilt-modules/26.4/SwiftUICore.swiftmodule/arm64e-apple-macos.swiftmodule /Users/chentao/Projects/chentao1006/sidey/.build/ModuleCache.noindex/SwiftUICore-DZD4ZWYZPDCVULCHU21OIBO1R.pcm /Users/chentao/Projects/chentao1006/sidey/.build/ModuleCache.noindex/libkern-CPZ08A0JL4B99527HFAWAV9Q1.pcm /Users/chentao/Projects/chentao1006/sidey/.build/ModuleCache.noindex/CoreMIDI-BG1SG3BHVBDLWZ0UXOYLSHVO2.pcm /Users/chentao/Projects/chentao1006/sidey/.build/ModuleCache.noindex/MachO-13IQ78JDQRVCZTHPPMM33D5I4.pcm /Users/chentao/Projects/chentao1006/sidey/.build/ModuleCache.noindex/UserNotifications-6VHXAZCMGM0KIYAX6TAD42853.pcm /Users/chentao/Projects/chentao1006/sidey/.build/ModuleCache.noindex/Dispatch-8VJF8TED67S0ZN6370RWA29N4.pcm /Users/chentao/Projects/chentao1006/sidey/.build/ModuleCache.noindex/Foundation-HCIN3TQJXB3UTEHOMPSD1F3Q.pcm /Users/chentao/Projects/chentao1006/sidey/.build/ModuleCache.noindex/_DarwinFoundation3-DMVCRES7NWI7C56KL0QVY6MFR.pcm /Users/chentao/Projects/chentao1006/sidey/.build/ModuleCache.noindex/LocalAuthentication-63KSC5RTCORMXEIQT8TSQF94B.pcm /Users/chentao/Projects/chentao1006/sidey/.build/ModuleCache.noindex/AVFAudio-28Z65AMYC641I73ZMM0289NAD.pcm /Users/chentao/Projects/chentao1006/sidey/.build/ModuleCache.noindex/Metal-6J4KSOZH5S9CVE6W8EJW0AS7E.pcm /Users/chentao/Projects/chentao1006/sidey/.build/ModuleCache.noindex/CoreTransferable-20TZR5CAYYFMFLMZ42RZTRKV8.pcm /Users/chentao/Projects/chentao1006/sidey/.build/ModuleCache.noindex/OSLog-AC0CBTWZL1C7XJ1FICCSN7NZB.pcm /Users/chentao/Projects/chentao1006/sidey/.build/ModuleCache.noindex/ScreenCaptureKit-86ELMO4ZMPE5FF6HCJVZY6PXE.pcm /Users/chentao/Projects/chentao1006/sidey/.build/ModuleCache.noindex/OpenGL-BJ3NWCQCYMD2GTIWISB1FR1Y0.pcm /Users/chentao/Projects/chentao1006/sidey/.build/ModuleCache.noindex/CoreServices-2ECWBM79I4565GGSEU9YF0E5K.pcm /Users/chentao/Projects/chentao1006/sidey/.build/ModuleCache.noindex/simd-95M4CYD3IOILBMAF0YA487L97.pcm /Users/chentao/Projects/chentao1006/sidey/.build/ModuleCache.noindex/Accessibility-88BDPP11FTXXADRB8RJS14PW6.pcm /Users/chentao/Projects/chentao1006/sidey/.build/ModuleCache.noindex/QuartzCore-9TTJ6HHS5BX3VEY7N6PL6Q2DJ.pcm /Users/chentao/Projects/chentao1006/sidey/.build/ModuleCache.noindex/ApplicationServices-27PBVN0FYAVO0ZC7YJWKGF42J.pcm /Users/chentao/Projects/chentao1006/sidey/.build/ModuleCache.noindex/CoreGraphics-E1N3PKCZNLIMFTN318EPK6QX7.pcm /Users/chentao/Projects/chentao1006/sidey/.build/ModuleCache.noindex/ColorSync-7CDDDQVPDXHMTDVRZA6LMDYU4.pcm /Users/chentao/Projects/chentao1006/sidey/.build/ModuleCache.noindex/DeveloperToolsSupport-3BSTPSDRR1UBJEX9RWGFB1I11.pcm /Users/chentao/Projects/chentao1006/sidey/.build/ModuleCache.noindex/IOSurface-2QVKPFV9ULLCAPLJQJYBQ5LOG.pcm /Users/chentao/Projects/chentao1006/sidey/.build/ModuleCache.noindex/_Builtin_stdbool-CKHF8XDAKVIZ75PWKSBWOWT2Z.pcm /Users/chentao/Projects/chentao1006/sidey/.build/ModuleCache.noindex/_Builtin_float-2K26ZPWE4MF19HFLGRK86EY9O.pcm /Users/chentao/Projects/chentao1006/sidey/.build/ModuleCache.noindex/CoreImage-HWPW77QV1NBUWRDJFZU9FFA1.pcm /Users/chentao/Projects/chentao1006/sidey/.build/ModuleCache.noindex/AVFoundation-3M6FKIMG5VXKIKUI9NU1V722G.pcm /Users/chentao/Projects/chentao1006/sidey/.build/ModuleCache.noindex/_Builtin_limits-26120M69O6L990NCG22GW2WHI.pcm /Users/chentao/Projects/chentao1006/sidey/.build/ModuleCache.noindex/SwiftShims-1TDO8WO6BC6WH8OS4UJQGSP36.pcm /Users/chentao/Projects/chentao1006/sidey/.build/ModuleCache.noindex/_SwiftConcurrencyShims-4S236AV2ZUOA5RLZ5ERJZS1DH.pcm /Users/chentao/Projects/chentao1006/sidey/.build/Build/Intermediates.noindex/SwiftExplicitPrecompiledModules/Sparkle-2M82K9BYK1ZWQ1IYMK12E442.pcm /Users/chentao/Projects/chentao1006/sidey/.build/ModuleCache.noindex/os_workgroup-8RV62DGZGFIPN0SL8XTF0RR0K.pcm /Users/chentao/Projects/chentao1006/sidey/.build/ModuleCache.noindex/CoreText-3BHAJ2BH9EV66ITN8JVL0FKDY.pcm /Users/chentao/Projects/chentao1006/sidey/.build/ModuleCache.noindex/Security-CQDHE5U6LSLLR1KQXV7HSXD1D.pcm /Users/chentao/Projects/chentao1006/sidey/.build/ModuleCache.noindex/_Builtin_stddef-7HOZR0IS0X0W3WLUXYZ3PYLH2.pcm /Users/chentao/Projects/chentao1006/sidey/.build/ModuleCache.noindex/CoreVideo-52HCNKHE07E5KYFY5Z4T42IYW.pcm /Users/chentao/Projects/chentao1006/sidey/.build/ModuleCache.noindex/IOKit-6KHEY7GZHSX8OW98GFDEV8UQ9.pcm /Users/chentao/Projects/chentao1006/sidey/.build/ModuleCache.noindex/Accelerate-4BYJKIPRRIMHHINJOHCSFEQW5.pcm /Users/chentao/Projects/chentao1006/sidey/.build/ModuleCache.noindex/CoreMedia-3FXF8LBOHRX2PBCGX71SAD56B.pcm /Users/chentao/Projects/chentao1006/sidey/.build/ModuleCache.noindex/MediaToolbox-9FEFV8KPNYRPMM88CB5H9ALNP.pcm /Users/chentao/Projects/chentao1006/sidey/.build/ModuleCache.noindex/_DarwinFoundation2-7I7XUEHY3O8TSIFPUBNB64GCT.pcm /Users/chentao/Projects/chentao1006/sidey/.build/ModuleCache.noindex/os-E35AL7NNN2FZW61VZM0GIEKBB.pcm /Users/chentao/Projects/chentao1006/sidey/.build/ModuleCache.noindex/DiskArbitration-424AOSMB34ITPZ1S7WR7T7OL3.pcm /Users/chentao/Projects/chentao1006/sidey/.build/ModuleCache.noindex/ptrcheck-3FHS8OU1VF9F0NQH13QAMIXGI.pcm /Users/chentao/Projects/chentao1006/sidey/.build/ModuleCache.noindex/ImageIO-6VUIYIEJ5OU52WYICFNNI1ITG.pcm /Users/chentao/Projects/chentao1006/sidey/.build/ModuleCache.noindex/_Builtin_inttypes-8BK0CCWRP3JE7NXVZIZJG6QM5.pcm /Users/chentao/Projects/chentao1006/sidey/.build/ModuleCache.noindex/CoreAudioTypes-AC7PKSS81TRABFQGU3G6XIP5.pcm /Users/chentao/Projects/chentao1006/sidey/.build/ModuleCache.noindex/Spatial-3L8WQIHKJLQS8HZLQGPGF2776.pcm /Users/chentao/Projects/chentao1006/sidey/.build/ModuleCache.noindex/DataDetection-1TMNATEXLMF9HKGF5AY5EXFXY.pcm /Users/chentao/Projects/chentao1006/sidey/.build/ModuleCache.noindex/_Builtin_tgmath-3LJYMGZM27ABW2OJFTK12KSTR.pcm /Users/chentao/Projects/chentao1006/sidey/.build/ModuleCache.noindex/libDER-ZXV3U22S7D2OMZLS8FLAHO4A.pcm /Users/chentao/Projects/chentao1006/sidey/.build/ModuleCache.noindex/CoreML-5J8L79RACD0D1W8VPZXLPP6VK.pcm /Users/chentao/Projects/chentao1006/sidey/.build/ModuleCache.noindex/_Builtin_intrinsics-DUPDJHLGT4P520IK0KTVME2EP.pcm /Users/chentao/Projects/chentao1006/sidey/.build/ModuleCache.noindex/ServiceManagement-EPIV027YZGEBKU22IZFGGM3EA.pcm /Users/chentao/Projects/chentao1006/sidey/.build/ModuleCache.noindex/CoreData-99BALG6CAJCGZZ9DPV7Q46QN1.pcm /Users/chentao/Projects/chentao1006/sidey/.build/ModuleCache.noindex/ptrauth-8KWUDQNYRWGTOBBYADPX4B693.pcm /Users/chentao/Projects/chentao1006/sidey/.build/ModuleCache.noindex/Vision-AR9PC01M6EB3EXPZ6AN1D3X94.pcm /Users/chentao/Projects/chentao1006/sidey/.build/ModuleCache.noindex/sys_types-3BRWXA1SA6TIC9Y90N6RLINWF.pcm /Users/chentao/Projects/chentao1006/sidey/.build/ModuleCache.noindex/AudioToolbox-8B2JZU5XU2PLFDA9FAUYR6ASM.pcm /Users/chentao/Projects/chentao1006/sidey/.build/ModuleCache.noindex/CoreAudio-6Y7VL72GT8KJ0KDT4H92HQT66.pcm /Users/chentao/Projects/chentao1006/sidey/.build/ModuleCache.noindex/launch-69SA6ZU3F9Q5U0YSSUQ7IN6ZC.pcm /Users/chentao/Projects/chentao1006/sidey/.build/ModuleCache.noindex/ObjectiveC-A8ASIJZHL37VWZJ1PI6T5ND6J.pcm /Users/chentao/Projects/chentao1006/sidey/.build/ModuleCache.noindex/Symbols-9GHRRMY0PCQ6TVKN48VCFF5U0.pcm /Users/chentao/Projects/chentao1006/sidey/.build/ModuleCache.noindex/os_object-7T1JJM3ZDOOWNZETLWKWMGQXT.pcm /Users/chentao/Projects/chentao1006/sidey/.build/ModuleCache.noindex/_Builtin_stdatomic-91KAG0P938QV3XKHRJZ51DM70.pcm /Users/chentao/Projects/chentao1006/sidey/.build/ModuleCache.noindex/_Builtin_stdarg-1MI669URDVQJE6IHW3119UH5C.pcm /Users/chentao/Projects/chentao1006/sidey/.build/ModuleCache.noindex/_DarwinFoundation1-E6QHTMNCJXXYK1BH6VMZCQDZM.pcm /Users/chentao/Projects/chentao1006/sidey/.build/ModuleCache.noindex/Darwin-3T789VSDJ7UV786OT59GOJN9J.pcm /Users/chentao/Projects/chentao1006/sidey/.build/ModuleCache.noindex/CUPS-80BP8JRK15WNQUVWLILZT2FK3.pcm /Users/chentao/Projects/chentao1006/sidey/.build/ModuleCache.noindex/CoreFoundation-C6H6GO3ARITO437NTHXWU1MLN.pcm /Users/chentao/Projects/chentao1006/sidey/.build/ModuleCache.noindex/_AvailabilityInternal-A832XS5O5C88OQFEK9E6U4RX.pcm /Users/chentao/Projects/chentao1006/sidey/.build/ModuleCache.noindex/SwiftUI-9CVZKJ45FJ0J7G3580P1LAQ1J.pcm /Users/chentao/Projects/chentao1006/sidey/.build/ModuleCache.noindex/Carbon-9TOX7J0EX0R5DIJQB5QXR4YNC.pcm /Users/chentao/Projects/chentao1006/sidey/.build/ModuleCache.noindex/AppKit-65JL6RMCMIGHGJ2XL72UUW8V1.pcm /Users/chentao/Projects/chentao1006/sidey/.build/ModuleCache.noindex/XPC-AHN5QWUXMWXQUHUI7I25X3R1N.pcm /Users/chentao/Projects/chentao1006/sidey/.build/ModuleCache.noindex/_Builtin_stdint-40M3TVOVTAP1MKVZGER7G3OIJ.pcm /Users/chentao/Projects/chentao1006/sidey/.build/ModuleCache.noindex/CFNetwork-ATRDO1OWSH4FUTQFNJTDMAH3H.pcm /Users/chentao/Projects/chentao1006/sidey/.build/ModuleCache.noindex/UniformTypeIdentifiers-EHUYF8W70JNSC9L8KOHVM6VU7.pcm /Users/chentao/Projects/chentao1006/sidey/.build/Build/Intermediates.noindex/Sidey.build/Release/Sidey.build/Objects-normal/arm64/Sidey-dependencies-1.json (in target 'Sidey' from project 'Sidey')

CompileSwift normal arm64 (in target 'Sidey' from project 'Sidey')
    cd /Users/chentao/Projects/chentao1006/sidey
    
/Users/chentao/Projects/chentao1006/sidey/Sidey/Core/DockingManager.swift:291:13: warning: initialization of immutable value 'visibleFrame' was never used; consider replacing with assignment to '_' or removing it
        let visibleFrame = screen?.visibleFrame ?? .zero
        ~~~~^~~~~~~~~~~~
        _
/Users/chentao/Projects/chentao1006/sidey/Sidey/ContextAIApp.swift:391:16: warning: value 'button' was defined but never used; consider replacing with boolean test
        if let button = statusItem?.button {
           ~~~~^~~~~~~~~
           (                              ) != nil
/Users/chentao/Projects/chentao1006/sidey/Sidey/Core/LLMClient.swift:174:25: warning: capture of 'self' with non-Sendable type 'LLMClient' in a '@Sendable' closure
                        self.loadingStates[sessionKey] = false
                        ^
/Users/chentao/Projects/chentao1006/sidey/Sidey/Core/LLMClient.swift:36:7: note: class 'LLMClient' does not conform to the 'Sendable' protocol
class LLMClient: ObservableObject {
      ^
/Users/chentao/Projects/chentao1006/sidey/Sidey/Core/LLMClient.swift:265:25: warning: capture of 'self' with non-Sendable type 'LLMClient' in a '@Sendable' closure
                        self.activeTasks.removeValue(forKey: sessionKey)
                        ^
/Users/chentao/Projects/chentao1006/sidey/Sidey/Core/LLMClient.swift:36:7: note: class 'LLMClient' does not conform to the 'Sendable' protocol
class LLMClient: ObservableObject {
      ^
/Users/chentao/Projects/chentao1006/sidey/Sidey/Core/LLMClient.swift:288:25: warning: capture of 'self' with non-Sendable type 'LLMClient' in a '@Sendable' closure
                        self.activeTasks.removeValue(forKey: sessionKey)
                        ^
/Users/chentao/Projects/chentao1006/sidey/Sidey/Core/LLMClient.swift:36:7: note: class 'LLMClient' does not conform to the 'Sendable' protocol
class LLMClient: ObservableObject {
      ^
/Users/chentao/Projects/chentao1006/sidey/Sidey/Core/LLMClient.swift:220:62: warning: 'fullResponse' mutated after capture by sendable closure
                                                fullResponse += content
                                                             ^
/Users/chentao/Projects/chentao1006/sidey/Sidey/Core/LLMClient.swift:180:21: note: variable defined here
                var fullResponse = ""
                    ^
/Users/chentao/Projects/chentao1006/sidey/Sidey/Core/LLMClient.swift:221:74: note: variable captured by sendable closure
                                                DispatchQueue.main.async {
                                                                         ^
/Users/chentao/Projects/chentao1006/sidey/Sidey/Core/LLMClient.swift:222:62: note: capturing use
                                                    onUpdate(fullResponse)
                                                             ^
/Users/chentao/Projects/chentao1006/sidey/Sidey/Core/LLMClient.swift:180:21: note: variable defined here
                var fullResponse = ""
                    ^
/Users/chentao/Projects/chentao1006/sidey/Sidey/Core/LLMClient.swift:221:74: note: variable captured by sendable closure
                                                DispatchQueue.main.async {
                                                                         ^
/Users/chentao/Projects/chentao1006/sidey/Sidey/Core/LLMClient.swift:222:62: note: capturing use
                                                    onUpdate(fullResponse)
                                                             ^

SwiftDriver\ Compilation Sidey normal arm64 com.apple.xcode.tools.swift.compiler (in target 'Sidey' from project 'Sidey')
    cd /Users/chentao/Projects/chentao1006/sidey
    builtin-Swift-Compilation -- /Applications/Xcode.app/Contents/Developer/Toolchains/XcodeDefault.xctoolchain/usr/bin/swiftc -module-name Sidey -O -whole-module-optimization @/Users/chentao/Projects/chentao1006/sidey/.build/Build/Intermediates.noindex/Sidey.build/Release/Sidey.build/Objects-normal/arm64/Sidey.SwiftFileList -enable-bare-slash-regex -enable-experimental-feature DebugDescriptionMacro -sdk /Applications/Xcode.app/Contents/Developer/Platforms/MacOSX.platform/Developer/SDKs/MacOSX26.4.sdk -target arm64-apple-macos13.0 -g -module-cache-path /Users/chentao/Projects/chentao1006/sidey/.build/ModuleCache.noindex -Xfrontend -serialize-debugging-options -swift-version 5 -I /Users/chentao/Projects/chentao1006/sidey/.build/Build/Products/Release -F /Users/chentao/Projects/chentao1006/sidey/.build/Build/Products/Release/PackageFrameworks -F /Users/chentao/Projects/chentao1006/sidey/.build/Build/Products/Release/PackageFrameworks -F /Users/chentao/Projects/chentao1006/sidey/.build/Build/Products/Release/PackageFrameworks -F /Users/chentao/Projects/chentao1006/sidey/.build/Build/Products/Release/PackageFrameworks -F /Users/chentao/Projects/chentao1006/sidey/.build/Build/Products/Release -c -num-threads 8 -Xcc -ivfsstatcache -Xcc /Users/chentao/Projects/chentao1006/sidey/.build/SDKStatCaches.noindex/macosx26.4-25E236-30f9ca8789b706f8bd3fc906a70d770f.sdkstatcache -output-file-map /Users/chentao/Projects/chentao1006/sidey/.build/Build/Intermediates.noindex/Sidey.build/Release/Sidey.build/Objects-normal/arm64/Sidey-OutputFileMap.json -use-frontend-parseable-output -save-temps -no-color-diagnostics -explicit-module-build -module-cache-path /Users/chentao/Projects/chentao1006/sidey/.build/Build/Intermediates.noindex/SwiftExplicitPrecompiledModules -clang-scanner-module-cache-path /Users/chentao/Projects/chentao1006/sidey/.build/ModuleCache.noindex -sdk-module-cache-path /Users/chentao/Projects/chentao1006/sidey/.build/ModuleCache.noindex -serialize-diagnostics -emit-dependencies -emit-module -emit-module-path /Users/chentao/Projects/chentao1006/sidey/.build/Build/Intermediates.noindex/Sidey.build/Release/Sidey.build/Objects-normal/arm64/Sidey.swiftmodule -validate-clang-modules-once -clang-build-session-file /Users/chentao/Projects/chentao1006/sidey/.build/ModuleCache.noindex/Session.modulevalidation -Xcc -I/Users/chentao/Projects/chentao1006/sidey/.build/Build/Intermediates.noindex/Sidey.build/Release/Sidey.build/swift-overrides.hmap -emit-const-values -Xfrontend -const-gather-protocols-file -Xfrontend /Users/chentao/Projects/chentao1006/sidey/.build/Build/Intermediates.noindex/Sidey.build/Release/Sidey.build/Objects-normal/arm64/Sidey_const_extract_protocols.json -Xcc -iquote -Xcc /Users/chentao/Projects/chentao1006/sidey/.build/Build/Intermediates.noindex/Sidey.build/Release/Sidey.build/Sidey-generated-files.hmap -Xcc -I/Users/chentao/Projects/chentao1006/sidey/.build/Build/Intermediates.noindex/Sidey.build/Release/Sidey.build/Sidey-own-target-headers.hmap -Xcc -I/Users/chentao/Projects/chentao1006/sidey/.build/Build/Intermediates.noindex/Sidey.build/Release/Sidey.build/Sidey-all-non-framework-target-headers.hmap -Xcc -ivfsoverlay -Xcc /Users/chentao/Projects/chentao1006/sidey/.build/Build/Intermediates.noindex/Sidey.build/Release/Sidey-2f3c63dddc01e16841727534e4772341-VFS/all-product-headers.yaml -Xcc -iquote -Xcc /Users/chentao/Projects/chentao1006/sidey/.build/Build/Intermediates.noindex/Sidey.build/Release/Sidey.build/Sidey-project-headers.hmap -Xcc -I/Users/chentao/Projects/chentao1006/sidey/.build/SourcePackages/checkouts/swift-cmark/src/include -Xcc -I/Users/chentao/Projects/chentao1006/sidey/.build/SourcePackages/checkouts/swift-cmark/extensions/include -Xcc -I/Users/chentao/Projects/chentao1006/sidey/.build/Build/Products/Release/include -Xcc -I/Users/chentao/Projects/chentao1006/sidey/.build/Build/Intermediates.noindex/Sidey.build/Release/Sidey.build/DerivedSources-normal/arm64 -Xcc -I/Users/chentao/Projects/chentao1006/sidey/.build/Build/Intermediates.noindex/Sidey.build/Release/Sidey.build/DerivedSources/arm64 -Xcc -I/Users/chentao/Projects/chentao1006/sidey/.build/Build/Intermediates.noindex/Sidey.build/Release/Sidey.build/DerivedSources -emit-objc-header -emit-objc-header-path /Users/chentao/Projects/chentao1006/sidey/.build/Build/Intermediates.noindex/Sidey.build/Release/Sidey.build/Objects-normal/arm64/Sidey-Swift.h -working-directory /Users/chentao/Projects/chentao1006/sidey -no-emit-module-separately-wmo

SwiftDriverJobDiscovery normal arm64 Compiling DockingManager.swift, AdsorptionIconView.swift, DockingState.swift, AssistantWindow.swift, NotificationManager.swift, ContextAIApp.swift, PromptStore.swift, Localization.swift, HotKeyManager.swift, SyncManager.swift, HistoryStore.swift, LLMClient.swift, DebugLogger.swift, SettingsView.swift, ContextDetector.swift, Updater.swift, SelectionManager.swift, OCRManager.swift, GeneratedAssetSymbols.swift (in target 'Sidey' from project 'Sidey')

SwiftDriver\ Compilation\ Requirements Sidey normal arm64 com.apple.xcode.tools.swift.compiler (in target 'Sidey' from project 'Sidey')
    cd /Users/chentao/Projects/chentao1006/sidey
    builtin-Swift-Compilation-Requirements -- /Applications/Xcode.app/Contents/Developer/Toolchains/XcodeDefault.xctoolchain/usr/bin/swiftc -module-name Sidey -O -whole-module-optimization @/Users/chentao/Projects/chentao1006/sidey/.build/Build/Intermediates.noindex/Sidey.build/Release/Sidey.build/Objects-normal/arm64/Sidey.SwiftFileList -enable-bare-slash-regex -enable-experimental-feature DebugDescriptionMacro -sdk /Applications/Xcode.app/Contents/Developer/Platforms/MacOSX.platform/Developer/SDKs/MacOSX26.4.sdk -target arm64-apple-macos13.0 -g -module-cache-path /Users/chentao/Projects/chentao1006/sidey/.build/ModuleCache.noindex -Xfrontend -serialize-debugging-options -swift-version 5 -I /Users/chentao/Projects/chentao1006/sidey/.build/Build/Products/Release -F /Users/chentao/Projects/chentao1006/sidey/.build/Build/Products/Release/PackageFrameworks -F /Users/chentao/Projects/chentao1006/sidey/.build/Build/Products/Release/PackageFrameworks -F /Users/chentao/Projects/chentao1006/sidey/.build/Build/Products/Release/PackageFrameworks -F /Users/chentao/Projects/chentao1006/sidey/.build/Build/Products/Release/PackageFrameworks -F /Users/chentao/Projects/chentao1006/sidey/.build/Build/Products/Release -c -num-threads 8 -Xcc -ivfsstatcache -Xcc /Users/chentao/Projects/chentao1006/sidey/.build/SDKStatCaches.noindex/macosx26.4-25E236-30f9ca8789b706f8bd3fc906a70d770f.sdkstatcache -output-file-map /Users/chentao/Projects/chentao1006/sidey/.build/Build/Intermediates.noindex/Sidey.build/Release/Sidey.build/Objects-normal/arm64/Sidey-OutputFileMap.json -use-frontend-parseable-output -save-temps -no-color-diagnostics -explicit-module-build -module-cache-path /Users/chentao/Projects/chentao1006/sidey/.build/Build/Intermediates.noindex/SwiftExplicitPrecompiledModules -clang-scanner-module-cache-path /Users/chentao/Projects/chentao1006/sidey/.build/ModuleCache.noindex -sdk-module-cache-path /Users/chentao/Projects/chentao1006/sidey/.build/ModuleCache.noindex -serialize-diagnostics -emit-dependencies -emit-module -emit-module-path /Users/chentao/Projects/chentao1006/sidey/.build/Build/Intermediates.noindex/Sidey.build/Release/Sidey.build/Objects-normal/arm64/Sidey.swiftmodule -validate-clang-modules-once -clang-build-session-file /Users/chentao/Projects/chentao1006/sidey/.build/ModuleCache.noindex/Session.modulevalidation -Xcc -I/Users/chentao/Projects/chentao1006/sidey/.build/Build/Intermediates.noindex/Sidey.build/Release/Sidey.build/swift-overrides.hmap -emit-const-values -Xfrontend -const-gather-protocols-file -Xfrontend /Users/chentao/Projects/chentao1006/sidey/.build/Build/Intermediates.noindex/Sidey.build/Release/Sidey.build/Objects-normal/arm64/Sidey_const_extract_protocols.json -Xcc -iquote -Xcc /Users/chentao/Projects/chentao1006/sidey/.build/Build/Intermediates.noindex/Sidey.build/Release/Sidey.build/Sidey-generated-files.hmap -Xcc -I/Users/chentao/Projects/chentao1006/sidey/.build/Build/Intermediates.noindex/Sidey.build/Release/Sidey.build/Sidey-own-target-headers.hmap -Xcc -I/Users/chentao/Projects/chentao1006/sidey/.build/Build/Intermediates.noindex/Sidey.build/Release/Sidey.build/Sidey-all-non-framework-target-headers.hmap -Xcc -ivfsoverlay -Xcc /Users/chentao/Projects/chentao1006/sidey/.build/Build/Intermediates.noindex/Sidey.build/Release/Sidey-2f3c63dddc01e16841727534e4772341-VFS/all-product-headers.yaml -Xcc -iquote -Xcc /Users/chentao/Projects/chentao1006/sidey/.build/Build/Intermediates.noindex/Sidey.build/Release/Sidey.build/Sidey-project-headers.hmap -Xcc -I/Users/chentao/Projects/chentao1006/sidey/.build/SourcePackages/checkouts/swift-cmark/src/include -Xcc -I/Users/chentao/Projects/chentao1006/sidey/.build/SourcePackages/checkouts/swift-cmark/extensions/include -Xcc -I/Users/chentao/Projects/chentao1006/sidey/.build/Build/Products/Release/include -Xcc -I/Users/chentao/Projects/chentao1006/sidey/.build/Build/Intermediates.noindex/Sidey.build/Release/Sidey.build/DerivedSources-normal/arm64 -Xcc -I/Users/chentao/Projects/chentao1006/sidey/.build/Build/Intermediates.noindex/Sidey.build/Release/Sidey.build/DerivedSources/arm64 -Xcc -I/Users/chentao/Projects/chentao1006/sidey/.build/Build/Intermediates.noindex/Sidey.build/Release/Sidey.build/DerivedSources -emit-objc-header -emit-objc-header-path /Users/chentao/Projects/chentao1006/sidey/.build/Build/Intermediates.noindex/Sidey.build/Release/Sidey.build/Objects-normal/arm64/Sidey-Swift.h -working-directory /Users/chentao/Projects/chentao1006/sidey -no-emit-module-separately-wmo

Copy /Users/chentao/Projects/chentao1006/sidey/.build/Build/Products/Release/Sidey.swiftmodule/arm64-apple-macos.swiftmodule /Users/chentao/Projects/chentao1006/sidey/.build/Build/Intermediates.noindex/Sidey.build/Release/Sidey.build/Objects-normal/arm64/Sidey.swiftmodule (in target 'Sidey' from project 'Sidey')
    cd /Users/chentao/Projects/chentao1006/sidey
    builtin-copy -exclude .DS_Store -exclude CVS -exclude .svn -exclude .git -exclude .hg -resolve-src-symlinks -rename /Users/chentao/Projects/chentao1006/sidey/.build/Build/Intermediates.noindex/Sidey.build/Release/Sidey.build/Objects-normal/arm64/Sidey.swiftmodule /Users/chentao/Projects/chentao1006/sidey/.build/Build/Products/Release/Sidey.swiftmodule/arm64-apple-macos.swiftmodule

Copy /Users/chentao/Projects/chentao1006/sidey/.build/Build/Products/Release/Sidey.swiftmodule/Project/arm64-apple-macos.swiftsourceinfo /Users/chentao/Projects/chentao1006/sidey/.build/Build/Intermediates.noindex/Sidey.build/Release/Sidey.build/Objects-normal/arm64/Sidey.swiftsourceinfo (in target 'Sidey' from project 'Sidey')
    cd /Users/chentao/Projects/chentao1006/sidey
    builtin-copy -exclude .DS_Store -exclude CVS -exclude .svn -exclude .git -exclude .hg -resolve-src-symlinks -rename /Users/chentao/Projects/chentao1006/sidey/.build/Build/Intermediates.noindex/Sidey.build/Release/Sidey.build/Objects-normal/arm64/Sidey.swiftsourceinfo /Users/chentao/Projects/chentao1006/sidey/.build/Build/Products/Release/Sidey.swiftmodule/Project/arm64-apple-macos.swiftsourceinfo

Copy /Users/chentao/Projects/chentao1006/sidey/.build/Build/Products/Release/Sidey.swiftmodule/arm64-apple-macos.abi.json /Users/chentao/Projects/chentao1006/sidey/.build/Build/Intermediates.noindex/Sidey.build/Release/Sidey.build/Objects-normal/arm64/Sidey.abi.json (in target 'Sidey' from project 'Sidey')
    cd /Users/chentao/Projects/chentao1006/sidey
    builtin-copy -exclude .DS_Store -exclude CVS -exclude .svn -exclude .git -exclude .hg -resolve-src-symlinks -rename /Users/chentao/Projects/chentao1006/sidey/.build/Build/Intermediates.noindex/Sidey.build/Release/Sidey.build/Objects-normal/arm64/Sidey.abi.json /Users/chentao/Projects/chentao1006/sidey/.build/Build/Products/Release/Sidey.swiftmodule/arm64-apple-macos.abi.json

Ld /Users/chentao/Projects/chentao1006/sidey/.build/Build/Products/Release/Sidey.app/Contents/MacOS/Sidey normal (in target 'Sidey' from project 'Sidey')
    cd /Users/chentao/Projects/chentao1006/sidey
    /Applications/Xcode.app/Contents/Developer/Toolchains/XcodeDefault.xctoolchain/usr/bin/clang -Xlinker -reproducible -target arm64-apple-macos13.0 -isysroot /Applications/Xcode.app/Contents/Developer/Platforms/MacOSX.platform/Developer/SDKs/MacOSX26.4.sdk -Os -L/Users/chentao/Projects/chentao1006/sidey/.build/Build/Intermediates.noindex/EagerLinkingTBDs/Release -L/Users/chentao/Projects/chentao1006/sidey/.build/Build/Products/Release -F/Users/chentao/Projects/chentao1006/sidey/.build/Build/Intermediates.noindex/EagerLinkingTBDs/Release -F/Users/chentao/Projects/chentao1006/sidey/.build/Build/Products/Release/PackageFrameworks -F/Users/chentao/Projects/chentao1006/sidey/.build/Build/Products/Release/PackageFrameworks -F/Users/chentao/Projects/chentao1006/sidey/.build/Build/Products/Release/PackageFrameworks -F/Users/chentao/Projects/chentao1006/sidey/.build/Build/Products/Release/PackageFrameworks -F/Users/chentao/Projects/chentao1006/sidey/.build/Build/Products/Release -filelist /Users/chentao/Projects/chentao1006/sidey/.build/Build/Intermediates.noindex/Sidey.build/Release/Sidey.build/Objects-normal/arm64/Sidey.LinkFileList -Xlinker -rpath -Xlinker /usr/lib/swift -Xlinker -rpath -Xlinker @executable_path/../Frameworks -Xlinker -dead_strip -Xlinker -object_path_lto -Xlinker /Users/chentao/Projects/chentao1006/sidey/.build/Build/Intermediates.noindex/Sidey.build/Release/Sidey.build/Objects-normal/arm64/Sidey_lto.o -Xlinker -dependency_info -Xlinker /Users/chentao/Projects/chentao1006/sidey/.build/Build/Intermediates.noindex/Sidey.build/Release/Sidey.build/Objects-normal/arm64/Sidey_dependency_info.dat -fobjc-link-runtime -L/Applications/Xcode.app/Contents/Developer/Toolchains/XcodeDefault.xctoolchain/usr/lib/swift/macosx -L/usr/lib/swift -Xlinker -add_ast_path -Xlinker /Users/chentao/Projects/chentao1006/sidey/.build/Build/Intermediates.noindex/Sidey.build/Release/Sidey.build/Objects-normal/arm64/Sidey.swiftmodule @/Users/chentao/Projects/chentao1006/sidey/.build/Build/Intermediates.noindex/Sidey.build/Release/Sidey.build/Objects-normal/arm64/Sidey-linker-args.resp -Wl,-no_warn_duplicate_libraries -Wl,-no_warn_duplicate_libraries -Wl,-no_warn_duplicate_libraries -Wl,-no_warn_duplicate_libraries -framework Sparkle -o /Users/chentao/Projects/chentao1006/sidey/.build/Build/Products/Release/Sidey.app/Contents/MacOS/Sidey -Xlinker -add_ast_path -Xlinker /Users/chentao/Projects/chentao1006/sidey/.build/Build/Intermediates.noindex/swift-markdown-ui.build/Release/MarkdownUI.build/Objects-normal/arm64/MarkdownUI.swiftmodule @/Users/chentao/Projects/chentao1006/sidey/.build/Build/Intermediates.noindex/swift-markdown-ui.build/Release/MarkdownUI.build/Objects-normal/arm64/MarkdownUI-linker-args.resp -Xlinker -add_ast_path -Xlinker /Users/chentao/Projects/chentao1006/sidey/.build/Build/Intermediates.noindex/NetworkImage.build/Release/NetworkImage.build/Objects-normal/arm64/NetworkImage.swiftmodule @/Users/chentao/Projects/chentao1006/sidey/.build/Build/Intermediates.noindex/NetworkImage.build/Release/NetworkImage.build/Objects-normal/arm64/NetworkImage-linker-args.resp

GenerateDSYMFile /Users/chentao/Projects/chentao1006/sidey/.build/Build/Products/Release/Sidey.app.dSYM /Users/chentao/Projects/chentao1006/sidey/.build/Build/Products/Release/Sidey.app/Contents/MacOS/Sidey (in target 'Sidey' from project 'Sidey')
    cd /Users/chentao/Projects/chentao1006/sidey
    /Applications/Xcode.app/Contents/Developer/Toolchains/XcodeDefault.xctoolchain/usr/bin/dsymutil /Users/chentao/Projects/chentao1006/sidey/.build/Build/Products/Release/Sidey.app/Contents/MacOS/Sidey -o /Users/chentao/Projects/chentao1006/sidey/.build/Build/Products/Release/Sidey.app.dSYM

CopySwiftLibs /Users/chentao/Projects/chentao1006/sidey/.build/Build/Products/Release/Sidey.app (in target 'Sidey' from project 'Sidey')
    cd /Users/chentao/Projects/chentao1006/sidey
    builtin-swiftStdLibTool --copy --verbose --scan-executable /Users/chentao/Projects/chentao1006/sidey/.build/Build/Products/Release/Sidey.app/Contents/MacOS/Sidey --scan-folder /Users/chentao/Projects/chentao1006/sidey/.build/Build/Products/Release/Sidey.app/Contents/Frameworks --scan-folder /Users/chentao/Projects/chentao1006/sidey/.build/Build/Products/Release/Sidey.app/Contents/PlugIns --scan-folder /Users/chentao/Projects/chentao1006/sidey/.build/Build/Products/Release/Sidey.app/Contents/Library/SystemExtensions --scan-folder /Users/chentao/Projects/chentao1006/sidey/.build/Build/Products/Release/Sidey.app/Contents/Extensions --platform macosx --toolchain /Applications/Xcode.app/Contents/Developer/Toolchains/XcodeDefault.xctoolchain --destination /Users/chentao/Projects/chentao1006/sidey/.build/Build/Products/Release/Sidey.app/Contents/Frameworks --strip-bitcode --strip-bitcode-tool /Applications/Xcode.app/Contents/Developer/Toolchains/XcodeDefault.xctoolchain/usr/bin/bitcode_strip --emit-dependency-info /Users/chentao/Projects/chentao1006/sidey/.build/Build/Intermediates.noindex/Sidey.build/Release/Sidey.build/SwiftStdLibToolInputDependencies.dep --filter-for-swift-os --back-deploy-swift-span
Ignoring --strip-bitcode because --sign was not passed

ExtractAppIntentsMetadata (in target 'Sidey' from project 'Sidey')
    cd /Users/chentao/Projects/chentao1006/sidey
    /Applications/Xcode.app/Contents/Developer/Toolchains/XcodeDefault.xctoolchain/usr/bin/appintentsmetadataprocessor --toolchain-dir /Applications/Xcode.app/Contents/Developer/Toolchains/XcodeDefault.xctoolchain --module-name Sidey --sdk-root /Applications/Xcode.app/Contents/Developer/Platforms/MacOSX.platform/Developer/SDKs/MacOSX26.4.sdk --xcode-version 17E192 --platform-family macOS --deployment-target 13.0 --bundle-identifier com.ct106.sidey --output /Users/chentao/Projects/chentao1006/sidey/.build/Build/Products/Release/Sidey.app/Contents/Resources --target-triple arm64-apple-macos13.0 --binary-file /Users/chentao/Projects/chentao1006/sidey/.build/Build/Products/Release/Sidey.app/Contents/MacOS/Sidey --dependency-file /Users/chentao/Projects/chentao1006/sidey/.build/Build/Intermediates.noindex/Sidey.build/Release/Sidey.build/Objects-normal/arm64/Sidey_dependency_info.dat --stringsdata-file /Users/chentao/Projects/chentao1006/sidey/.build/Build/Intermediates.noindex/Sidey.build/Release/Sidey.build/Objects-normal/arm64/ExtractedAppShortcutsMetadata.stringsdata --source-file-list /Users/chentao/Projects/chentao1006/sidey/.build/Build/Intermediates.noindex/Sidey.build/Release/Sidey.build/Objects-normal/arm64/Sidey.SwiftFileList --metadata-file-list /Users/chentao/Projects/chentao1006/sidey/.build/Build/Intermediates.noindex/Sidey.build/Release/Sidey.build/Sidey.DependencyMetadataFileList --static-metadata-file-list /Users/chentao/Projects/chentao1006/sidey/.build/Build/Intermediates.noindex/Sidey.build/Release/Sidey.build/Sidey.DependencyStaticMetadataFileList --swift-const-vals-list /Users/chentao/Projects/chentao1006/sidey/.build/Build/Intermediates.noindex/Sidey.build/Release/Sidey.build/Objects-normal/arm64/Sidey.SwiftConstValuesFileList --compile-time-extraction --deployment-aware-processing --validate-assistant-intents --no-app-shortcuts-localization
2026-04-15 23:38:51.372 appintentsmetadataprocessor[41775:8685383] Starting appintentsmetadataprocessor export
2026-04-15 23:38:51.379 appintentsmetadataprocessor[41775:8685383] warning: Metadata extraction skipped. No AppIntents.framework dependency found.

Validate /Users/chentao/Projects/chentao1006/sidey/.build/Build/Products/Release/Sidey.app (in target 'Sidey' from project 'Sidey')
    cd /Users/chentao/Projects/chentao1006/sidey
    builtin-validationUtility /Users/chentao/Projects/chentao1006/sidey/.build/Build/Products/Release/Sidey.app -no-validate-extension -infoplist-subpath Contents/Info.plist

RegisterWithLaunchServices /Users/chentao/Projects/chentao1006/sidey/.build/Build/Products/Release/Sidey.app (in target 'Sidey' from project 'Sidey')
    cd /Users/chentao/Projects/chentao1006/sidey
    /System/Library/Frameworks/CoreServices.framework/Versions/Current/Frameworks/LaunchServices.framework/Versions/Current/Support/lsregister -f -R -trusted /Users/chentao/Projects/chentao1006/sidey/.build/Build/Products/Release/Sidey.app

** BUILD SUCCEEDED **

